2026-02-05T00:07:27.920+04:00  INFO 38846 --- [ExecutionEngine] [main] c.q.f.e.ExecutionEngineApplication       : Starting ExecutionEngineApplication using Java 21.0.10 with PID 38846 (/Users/tarlanabasov/home/development/business-risk/smem/ExecutionEngine/build/classes/java/main started by tarlanabasov in /Users/tarlanabasov/home/development/business-risk/smem/ExecutionEngine)
2026-02-05T00:07:27.923+04:00 DEBUG 38846 --- [ExecutionEngine] [main] c.q.f.e.ExecutionEngineApplication       : Running with Spring Boot v4.0.0, Spring v7.0.1
2026-02-05T00:07:27.924+04:00  INFO 38846 --- [ExecutionEngine] [main] c.q.f.e.ExecutionEngineApplication       : The following 1 profile is active: "local"
2026-02-05T00:07:28.339+04:00  INFO 38846 --- [ExecutionEngine] [main] o.s.cloud.context.scope.GenericScope     : BeanFactory id=146672b1-07d1-3399-9b62-a7fb5f2abb04
2026-02-05T00:07:28.445+04:00  INFO 38846 --- [ExecutionEngine] [main] o.s.boot.tomcat.TomcatWebServer          : Tomcat initialized with port 8081 (http)
2026-02-05T00:07:28.451+04:00  INFO 38846 --- [ExecutionEngine] [main] o.apache.catalina.core.StandardService   : Starting service [Tomcat]
2026-02-05T00:07:28.451+04:00  INFO 38846 --- [ExecutionEngine] [main] o.apache.catalina.core.StandardEngine    : Starting Servlet engine: [Apache Tomcat/11.0.14]
2026-02-05T00:07:28.475+04:00  INFO 38846 --- [ExecutionEngine] [main] b.w.c.s.WebApplicationContextInitializer : Root WebApplicationContext: initialization completed in 530 ms
2026-02-05T00:07:28.642+04:00 ERROR 38846 --- [ExecutionEngine] [main] c.q.finance.execution.client.IBClient    : ERROR. orderId: -1, code: 502, msg: Couldn't connect to TWS. Confirm that "Enable ActiveX and Socket Clients" is enabled and connection port is the same as "Socket Port" on the TWS "Edit->Global Configuration...->API->Settings" menu. Live Trading ports: TWS: 7496; IB Gateway: 4001. Simulated Trading ports for new installations of version 954.1 or newer: TWS: 7497; IB Gateway: 4002
2026-02-05T00:07:28.661+04:00  INFO 38846 --- [ExecutionEngine] [main] o.s.v.b.OptionalValidatorFactoryBean     : Failed to set up a Bean Validation provider: jakarta.validation.NoProviderFoundException: Unable to create a Configuration, because no Jakarta Validation provider could be found. Add a provider like Hibernate Validator (RI) to your classpath.
2026-02-05T00:07:28.844+04:00  INFO 38846 --- [ExecutionEngine] [main] o.s.b.a.e.web.EndpointLinksResolver      : Exposing 1 endpoint beneath base path '/actuator'
2026-02-05T00:07:28.885+04:00  INFO 38846 --- [ExecutionEngine] [main] o.s.boot.tomcat.TomcatWebServer          : Tomcat started on port 8081 (http) with context path '/'
2026-02-05T00:07:28.893+04:00  INFO 38846 --- [ExecutionEngine] [main] c.q.f.e.ExecutionEngineApplication       : Started ExecutionEngineApplication in 1.144 seconds (process running for 1.73)
2026-02-05T00:07:28.896+04:00  INFO 38846 --- [ExecutionEngine] [main] c.q.f.e.ExecutionEngineApplication       : Application 'ExecutionEngine' is running! Access URLs: Local: http://localhost:8081/ External: http://127.0.0.1:8081/ Profile(s): [local]
2026-02-05T00:07:39.910+04:00  INFO 38846 --- [ExecutionEngine] [http-nio-8081-exec-1] o.a.c.c.C.[Tomcat].[localhost].[/]       : Initializing Spring DispatcherServlet 'dispatcherServlet'
2026-02-05T00:07:39.911+04:00  INFO 38846 --- [ExecutionEngine] [http-nio-8081-exec-1] o.s.web.servlet.DispatcherServlet        : Initializing Servlet 'dispatcherServlet'
2026-02-05T00:07:39.916+04:00  INFO 38846 --- [ExecutionEngine] [http-nio-8081-exec-1] o.s.web.servlet.DispatcherServlet        : Completed initialization in 5 ms
2026-02-05T00:07:39.976+04:00 DEBUG 38846 --- [ExecutionEngine] [http-nio-8081-exec-1] c.q.f.execution.client.TelegramClient    : [TelegramClient#sendMessage] ---> POST https://api.telegram.org/bot8068983143:AAGyxjjqig8ZJAjBFuxdg8Obwy-Y41OKCdA/sendMessage?chat_id=1014578999&text=%7B%0A%20%20%22ticker%22%20%3A%20%22TSLR%22%2C%0A%20%20%22exchange%22%20%3A%20%22BATS%22%2C%0A%20%20%22interval%22%20%3A%20%2260%22%2C%0A%20%20%22time%22%20%3A%20%222026-01-30T10%3A00%3A00Z%22%2C%0A%20%20%22timenow%22%20%3A%20%222026-01-30T10%3A09%3A07Z%22%2C%0A%20%20%22volume%22%20%3A%20%2277%22%2C%0A%20%20%22close%22%20%3A%20%2227.59%22%2C%0A%20%20%22high%22%20%3A%20%2228.10%22%2C%0A%20%20%22low%22%20%3A%20%2227.59%22%2C%0A%20%20%22open%22%20%3A%20%2228.10%22%2C%0A%20%20%22quote%22%20%3A%20%22USD%22%2C%0A%20%20%22base%22%20%3A%20%22%22%2C%0A%20%20%22buy%22%20%3A%20%220%22%2C%0A%20%20%22sell%22%20%3A%20%221%22%2C%0A%20%20%22plot0%22%20%3A%20%220%22%2C%0A%20%20%22plot1%22%20%3A%20%221%22%0A%7D HTTP/1.1
2026-02-05T00:07:39.976+04:00 DEBUG 38846 --- [ExecutionEngine] [http-nio-8081-exec-1] c.q.f.execution.client.TelegramClient    : [TelegramClient#sendMessage] Content-Length: 46
2026-02-05T00:07:39.977+04:00 DEBUG 38846 --- [ExecutionEngine] [http-nio-8081-exec-1] c.q.f.execution.client.TelegramClient    : [TelegramClient#sendMessage] Content-Type: text/plain;charset=UTF-8
2026-02-05T00:07:39.977+04:00 DEBUG 38846 --- [ExecutionEngine] [http-nio-8081-exec-1] c.q.f.execution.client.TelegramClient    : [TelegramClient#sendMessage] 
2026-02-05T00:07:39.977+04:00 DEBUG 38846 --- [ExecutionEngine] [http-nio-8081-exec-1] c.q.f.execution.client.TelegramClient    : [TelegramClient#sendMessage] 8068983143:AAGyxjjqig8ZJAjBFuxdg8Obwy-Y41OKCdA
2026-02-05T00:07:39.977+04:00 DEBUG 38846 --- [ExecutionEngine] [http-nio-8081-exec-1] c.q.f.execution.client.TelegramClient    : [TelegramClient#sendMessage] ---> END HTTP (46-byte body)
2026-02-05T00:07:40.297+04:00 DEBUG 38846 --- [ExecutionEngine] [http-nio-8081-exec-1] c.q.f.execution.client.TelegramClient    : [TelegramClient#sendMessage] <--- ERROR SocketException: Connection reset (320ms)
2026-02-05T00:07:40.298+04:00 DEBUG 38846 --- [ExecutionEngine] [http-nio-8081-exec-1] c.q.f.execution.client.TelegramClient    : [TelegramClient#sendMessage] java.net.SocketException: Connection reset
	at java.base/sun.nio.ch.NioSocketImpl.implRead(NioSocketImpl.java:318)
	at java.base/sun.nio.ch.NioSocketImpl.read(NioSocketImpl.java:346)
	at java.base/sun.nio.ch.NioSocketImpl$1.read(NioSocketImpl.java:796)
	at java.base/java.net.Socket$SocketInputStream.read(Socket.java:1099)
	at java.base/sun.security.ssl.SSLSocketInputRecord.read(SSLSocketInputRecord.java:489)
	at java.base/sun.security.ssl.SSLSocketInputRecord.readHeader(SSLSocketInputRecord.java:483)
	at java.base/sun.security.ssl.SSLSocketInputRecord.decode(SSLSocketInputRecord.java:160)
	at java.base/sun.security.ssl.SSLTransport.decode(SSLTransport.java:111)
	at java.base/sun.security.ssl.SSLSocketImpl.decode(SSLSocketImpl.java:1506)
	at java.base/sun.security.ssl.SSLSocketImpl.readHandshakeRecord(SSLSocketImpl.java:1421)
	at java.base/sun.security.ssl.SSLSocketImpl.startHandshake(SSLSocketImpl.java:455)
	at java.base/sun.security.ssl.SSLSocketImpl.startHandshake(SSLSocketImpl.java:426)
	at java.base/sun.net.www.protocol.https.HttpsClient.afterConnect(HttpsClient.java:586)
	at java.base/sun.net.www.protocol.https.AbstractDelegateHttpsURLConnection.connect(AbstractDelegateHttpsURLConnection.java:187)
	at java.base/sun.net.www.protocol.http.HttpURLConnection.getOutputStream0(HttpURLConnection.java:1462)
	at java.base/sun.net.www.protocol.http.HttpURLConnection.getOutputStream(HttpURLConnection.java:1433)
	at java.base/sun.net.www.protocol.https.HttpsURLConnectionImpl.getOutputStream(HttpsURLConnectionImpl.java:219)
	at feign.Client$Default.convertAndSend(Client.java:224)
	at feign.Client$Default.execute(Client.java:109)
	at feign.SynchronousMethodHandler.executeAndDecode(SynchronousMethodHandler.java:92)
	at feign.SynchronousMethodHandler.invoke(SynchronousMethodHandler.java:53)
	at feign.ReflectiveFeign$FeignInvocationHandler.invoke(ReflectiveFeign.java:104)
	at jdk.proxy2/jdk.proxy2.$Proxy105.sendMessage(Unknown Source)
	at com.quant.finance.execution.service.ExecutionService.executeStrategy(ExecutionService.java:33)
	at com.quant.finance.execution.controller.AlertController.alert(AlertController.java:21)
	at java.base/jdk.internal.reflect.DirectMethodHandleAccessor.invoke(DirectMethodHandleAccessor.java:103)
	at java.base/java.lang.reflect.Method.invoke(Method.java:580)
	at org.springframework.web.method.support.InvocableHandlerMethod.doInvoke(InvocableHandlerMethod.java:258)
	at org.springframework.web.method.support.InvocableHandlerMethod.invokeForRequest(InvocableHandlerMethod.java:190)
	at org.springframework.web.servlet.mvc.method.annotation.ServletInvocableHandlerMethod.invokeAndHandle(ServletInvocableHandlerMethod.java:117)
	at org.springframework.web.servlet.mvc.method.annotation.RequestMappingHandlerAdapter.invokeHandlerMethod(RequestMappingHandlerAdapter.java:934)
	at org.springframework.web.servlet.mvc.method.annotation.RequestMappingHandlerAdapter.handleInternal(RequestMappingHandlerAdapter.java:853)
	at org.springframework.web.servlet.mvc.method.AbstractHandlerMethodAdapter.handle(AbstractHandlerMethodAdapter.java:86)
	at org.springframework.web.servlet.DispatcherServlet.doDispatch(DispatcherServlet.java:963)
	at org.springframework.web.servlet.DispatcherServlet.doService(DispatcherServlet.java:866)
	at org.springframework.web.servlet.FrameworkServlet.processRequest(FrameworkServlet.java:1003)
	at org.springframework.web.servlet.FrameworkServlet.doPost(FrameworkServlet.java:903)
	at jakarta.servlet.http.HttpServlet.service(HttpServlet.java:649)
	at org.springframework.web.servlet.FrameworkServlet.service(FrameworkServlet.java:874)
	at jakarta.servlet.http.HttpServlet.service(HttpServlet.java:710)
	at org.apache.catalina.core.ApplicationFilterChain.doFilter(ApplicationFilterChain.java:128)
	at org.apache.tomcat.websocket.server.WsFilter.doFilter(WsFilter.java:53)
	at org.apache.catalina.core.ApplicationFilterChain.doFilter(ApplicationFilterChain.java:107)
	at org.springframework.web.filter.RequestContextFilter.doFilterInternal(RequestContextFilter.java:100)
	at org.springframework.web.filter.OncePerRequestFilter.doFilter(OncePerRequestFilter.java:116)
	at org.apache.catalina.core.ApplicationFilterChain.doFilter(ApplicationFilterChain.java:107)
	at org.springframework.web.filter.FormContentFilter.doFilterInternal(FormContentFilter.java:93)
	at org.springframework.web.filter.OncePerRequestFilter.doFilter(OncePerRequestFilter.java:116)
	at org.apache.catalina.core.ApplicationFilterChain.doFilter(ApplicationFilterChain.java:107)
	at org.springframework.web.filter.ServerHttpObservationFilter.doFilterInternal(ServerHttpObservationFilter.java:110)
	at org.springframework.web.filter.OncePerRequestFilter.doFilter(OncePerRequestFilter.java:116)
	at org.apache.catalina.core.ApplicationFilterChain.doFilter(ApplicationFilterChain.java:107)
	at org.springframework.web.filter.CharacterEncodingFilter.doFilterInternal(CharacterEncodingFilter.java:199)
	at org.springframework.web.filter.OncePerRequestFilter.doFilter(OncePerRequestFilter.java:116)
	at org.apache.catalina.core.ApplicationFilterChain.doFilter(ApplicationFilterChain.java:107)
	at org.apache.catalina.core.StandardWrapperValve.invoke(StandardWrapperValve.java:165)
	at org.apache.catalina.core.StandardContextValve.invoke(StandardContextValve.java:77)
	at org.apache.catalina.authenticator.AuthenticatorBase.invoke(AuthenticatorBase.java:482)
	at org.apache.catalina.core.StandardHostValve.invoke(StandardHostValve.java:113)
	at org.apache.catalina.valves.ErrorReportValve.invoke(ErrorReportValve.java:83)
	at org.apache.catalina.core.StandardEngineValve.invoke(StandardEngineValve.java:72)
	at org.apache.catalina.connector.CoyoteAdapter.service(CoyoteAdapter.java:341)
	at org.apache.coyote.http11.Http11Processor.service(Http11Processor.java:397)
	at org.apache.coyote.AbstractProcessorLight.process(AbstractProcessorLight.java:63)
	at org.apache.coyote.AbstractProtocol$ConnectionHandler.process(AbstractProtocol.java:903)
	at org.apache.tomcat.util.net.NioEndpoint$SocketProcessor.doRun(NioEndpoint.java:1778)
	at org.apache.tomcat.util.net.SocketProcessorBase.run(SocketProcessorBase.java:52)
	at org.apache.tomcat.util.threads.ThreadPoolExecutor.runWorker(ThreadPoolExecutor.java:946)
	at org.apache.tomcat.util.threads.ThreadPoolExecutor$Worker.run(ThreadPoolExecutor.java:480)
	at org.apache.tomcat.util.threads.TaskThread$WrappingRunnable.run(TaskThread.java:57)
	at java.base/java.lang.Thread.run(Thread.java:1583)

2026-02-05T00:07:40.298+04:00 DEBUG 38846 --- [ExecutionEngine] [http-nio-8081-exec-1] c.q.f.execution.client.TelegramClient    : [TelegramClient#sendMessage] <--- END ERROR
2026-02-05T00:07:40.300+04:00 ERROR 38846 --- [ExecutionEngine] [http-nio-8081-exec-1] o.a.c.c.C.[.[.[/].[dispatcherServlet]    : Servlet.service() for servlet [dispatcherServlet] in context with path [] threw exception [Request processing failed: feign.RetryableException: Connection reset executing POST https://api.telegram.org/bot8068983143:AAGyxjjqig8ZJAjBFuxdg8Obwy-Y41OKCdA/sendMessage?chat_id=1014578999&text=%7B%0A%20%20%22ticker%22%20%3A%20%22TSLR%22%2C%0A%20%20%22exchange%22%20%3A%20%22BATS%22%2C%0A%20%20%22interval%22%20%3A%20%2260%22%2C%0A%20%20%22time%22%20%3A%20%222026-01-30T10%3A00%3A00Z%22%2C%0A%20%20%22timenow%22%20%3A%20%222026-01-30T10%3A09%3A07Z%22%2C%0A%20%20%22volume%22%20%3A%20%2277%22%2C%0A%20%20%22close%22%20%3A%20%2227.59%22%2C%0A%20%20%22high%22%20%3A%20%2228.10%22%2C%0A%20%20%22low%22%20%3A%20%2227.59%22%2C%0A%20%20%22open%22%20%3A%20%2228.10%22%2C%0A%20%20%22quote%22%20%3A%20%22USD%22%2C%0A%20%20%22base%22%20%3A%20%22%22%2C%0A%20%20%22buy%22%20%3A%20%220%22%2C%0A%20%20%22sell%22%20%3A%20%221%22%2C%0A%20%20%22plot0%22%20%3A%20%220%22%2C%0A%20%20%22plot1%22%20%3A%20%221%22%0A%7D] with root cause

java.net.SocketException: Connection reset
	at java.base/sun.nio.ch.NioSocketImpl.implRead(NioSocketImpl.java:318)
	at java.base/sun.nio.ch.NioSocketImpl.read(NioSocketImpl.java:346)
	at java.base/sun.nio.ch.NioSocketImpl$1.read(NioSocketImpl.java:796)
	at java.base/java.net.Socket$SocketInputStream.read(Socket.java:1099)
	at java.base/sun.security.ssl.SSLSocketInputRecord.read(SSLSocketInputRecord.java:489)
	at java.base/sun.security.ssl.SSLSocketInputRecord.readHeader(SSLSocketInputRecord.java:483)
	at java.base/sun.security.ssl.SSLSocketInputRecord.decode(SSLSocketInputRecord.java:160)
	at java.base/sun.security.ssl.SSLTransport.decode(SSLTransport.java:111)
	at java.base/sun.security.ssl.SSLSocketImpl.decode(SSLSocketImpl.java:1506)
	at java.base/sun.security.ssl.SSLSocketImpl.readHandshakeRecord(SSLSocketImpl.java:1421)
	at java.base/sun.security.ssl.SSLSocketImpl.startHandshake(SSLSocketImpl.java:455)
	at java.base/sun.security.ssl.SSLSocketImpl.startHandshake(SSLSocketImpl.java:426)
	at java.base/sun.net.www.protocol.https.HttpsClient.afterConnect(HttpsClient.java:586)
	at java.base/sun.net.www.protocol.https.AbstractDelegateHttpsURLConnection.connect(AbstractDelegateHttpsURLConnection.java:187)
	at java.base/sun.net.www.protocol.http.HttpURLConnection.getOutputStream0(HttpURLConnection.java:1462)
	at java.base/sun.net.www.protocol.http.HttpURLConnection.getOutputStream(HttpURLConnection.java:1433)
	at java.base/sun.net.www.protocol.https.HttpsURLConnectionImpl.getOutputStream(HttpsURLConnectionImpl.java:219)
	at feign.Client$Default.convertAndSend(Client.java:224)
	at feign.Client$Default.execute(Client.java:109)
	at feign.SynchronousMethodHandler.executeAndDecode(SynchronousMethodHandler.java:92)
	at feign.SynchronousMethodHandler.invoke(SynchronousMethodHandler.java:53)
	at feign.ReflectiveFeign$FeignInvocationHandler.invoke(ReflectiveFeign.java:104)
	at jdk.proxy2/jdk.proxy2.$Proxy105.sendMessage(Unknown Source)
	at com.quant.finance.execution.service.ExecutionService.executeStrategy(ExecutionService.java:33)
	at com.quant.finance.execution.controller.AlertController.alert(AlertController.java:21)
	at java.base/jdk.internal.reflect.DirectMethodHandleAccessor.invoke(DirectMethodHandleAccessor.java:103)
	at java.base/java.lang.reflect.Method.invoke(Method.java:580)
	at org.springframework.web.method.support.InvocableHandlerMethod.doInvoke(InvocableHandlerMethod.java:258)
	at org.springframework.web.method.support.InvocableHandlerMethod.invokeForRequest(InvocableHandlerMethod.java:190)
	at org.springframework.web.servlet.mvc.method.annotation.ServletInvocableHandlerMethod.invokeAndHandle(ServletInvocableHandlerMethod.java:117)
	at org.springframework.web.servlet.mvc.method.annotation.RequestMappingHandlerAdapter.invokeHandlerMethod(RequestMappingHandlerAdapter.java:934)
	at org.springframework.web.servlet.mvc.method.annotation.RequestMappingHandlerAdapter.handleInternal(RequestMappingHandlerAdapter.java:853)
	at org.springframework.web.servlet.mvc.method.AbstractHandlerMethodAdapter.handle(AbstractHandlerMethodAdapter.java:86)
	at org.springframework.web.servlet.DispatcherServlet.doDispatch(DispatcherServlet.java:963)
	at org.springframework.web.servlet.DispatcherServlet.doService(DispatcherServlet.java:866)
	at org.springframework.web.servlet.FrameworkServlet.processRequest(FrameworkServlet.java:1003)
	at org.springframework.web.servlet.FrameworkServlet.doPost(FrameworkServlet.java:903)
	at jakarta.servlet.http.HttpServlet.service(HttpServlet.java:649)
	at org.springframework.web.servlet.FrameworkServlet.service(FrameworkServlet.java:874)
	at jakarta.servlet.http.HttpServlet.service(HttpServlet.java:710)
	at org.apache.catalina.core.ApplicationFilterChain.doFilter(ApplicationFilterChain.java:128)
	at org.apache.tomcat.websocket.server.WsFilter.doFilter(WsFilter.java:53)
	at org.apache.catalina.core.ApplicationFilterChain.doFilter(ApplicationFilterChain.java:107)
	at org.springframework.web.filter.RequestContextFilter.doFilterInternal(RequestContextFilter.java:100)
	at org.springframework.web.filter.OncePerRequestFilter.doFilter(OncePerRequestFilter.java:116)
	at org.apache.catalina.core.ApplicationFilterChain.doFilter(ApplicationFilterChain.java:107)
	at org.springframework.web.filter.FormContentFilter.doFilterInternal(FormContentFilter.java:93)
	at org.springframework.web.filter.OncePerRequestFilter.doFilter(OncePerRequestFilter.java:116)
	at org.apache.catalina.core.ApplicationFilterChain.doFilter(ApplicationFilterChain.java:107)
	at org.springframework.web.filter.ServerHttpObservationFilter.doFilterInternal(ServerHttpObservationFilter.java:110)
	at org.springframework.web.filter.OncePerRequestFilter.doFilter(OncePerRequestFilter.java:116)
	at org.apache.catalina.core.ApplicationFilterChain.doFilter(ApplicationFilterChain.java:107)
	at org.springframework.web.filter.CharacterEncodingFilter.doFilterInternal(CharacterEncodingFilter.java:199)
	at org.springframework.web.filter.OncePerRequestFilter.doFilter(OncePerRequestFilter.java:116)
	at org.apache.catalina.core.ApplicationFilterChain.doFilter(ApplicationFilterChain.java:107)
	at org.apache.catalina.core.StandardWrapperValve.invoke(StandardWrapperValve.java:165)
	at org.apache.catalina.core.StandardContextValve.invoke(StandardContextValve.java:77)
	at org.apache.catalina.authenticator.AuthenticatorBase.invoke(AuthenticatorBase.java:482)
	at org.apache.catalina.core.StandardHostValve.invoke(StandardHostValve.java:113)
	at org.apache.catalina.valves.ErrorReportValve.invoke(ErrorReportValve.java:83)
	at org.apache.catalina.core.StandardEngineValve.invoke(StandardEngineValve.java:72)
	at org.apache.catalina.connector.CoyoteAdapter.service(CoyoteAdapter.java:341)
	at org.apache.coyote.http11.Http11Processor.service(Http11Processor.java:397)
	at org.apache.coyote.AbstractProcessorLight.process(AbstractProcessorLight.java:63)
	at org.apache.coyote.AbstractProtocol$ConnectionHandler.process(AbstractProtocol.java:903)
	at org.apache.tomcat.util.net.NioEndpoint$SocketProcessor.doRun(NioEndpoint.java:1778)
	at org.apache.tomcat.util.net.SocketProcessorBase.run(SocketProcessorBase.java:52)
	at org.apache.tomcat.util.threads.ThreadPoolExecutor.runWorker(ThreadPoolExecutor.java:946)
	at org.apache.tomcat.util.threads.ThreadPoolExecutor$Worker.run(ThreadPoolExecutor.java:480)
	at org.apache.tomcat.util.threads.TaskThread$WrappingRunnable.run(TaskThread.java:57)
	at java.base/java.lang.Thread.run(Thread.java:1583)

2026-02-05T00:07:48.876+04:00  INFO 38846 --- [ExecutionEngine] [SpringApplicationShutdownHook] o.s.boot.tomcat.GracefulShutdown         : Commencing graceful shutdown. Waiting for active requests to complete
2026-02-05T00:07:48.884+04:00  INFO 38846 --- [ExecutionEngine] [tomcat-shutdown] o.s.boot.tomcat.GracefulShutdown         : Graceful shutdown complete
